apiVersion: v1
data: {}
kind: Secret
metadata:
  annotations: {}
  labels:
    name: loki-bucket-secret
  name: loki-bucket-secret
  namespace: syn-loki
stringData:
  S3_ACCESS_KEY_ID: null
  S3_ENDPOINT: null
  S3_REGION: null
  S3_SECRET_ACCESS_KEY: null
type: Opaque
