apiVersion: monitoring.coreos.com/v1
kind: PrometheusRule
metadata:
  annotations: {}
  labels:
    name: loki-custom
  name: loki-custom
  namespace: syn-loki
spec:
  groups: []
