apiVersion: v1
kind: Secret
metadata:
  labels:
    app.kubernetes.io/component: gateway
    app.kubernetes.io/instance: loki
    app.kubernetes.io/managed-by: Helm
    app.kubernetes.io/name: loki
    app.kubernetes.io/version: 3.1.1
    helm.sh/chart: loki-6.12.0
  name: loki-gateway
  namespace: syn-loki
stringData:
  .htpasswd: |
    username:$2a$10$7bKaUDveXt4uR3ZCdbc.qOA.Dx./ygmYsg0jKMuCbMd30jFzwk15y
