apiVersion: v1
kind: Service
metadata:
  annotations: null
  labels:
    app.kubernetes.io/component: gateway
    app.kubernetes.io/instance: loki
    app.kubernetes.io/managed-by: Helm
    app.kubernetes.io/name: loki
    app.kubernetes.io/version: 3.1.1
    helm.sh/chart: loki-6.12.0
  name: loki-gateway
  namespace: syn-loki
spec:
  ports:
    - name: http-metrics
      port: 80
      protocol: TCP
      targetPort: http-metrics
  selector:
    app.kubernetes.io/component: gateway
    app.kubernetes.io/instance: loki
    app.kubernetes.io/name: loki
  type: ClusterIP
