apiVersion: v1
data:
  runtime-config.yaml: |
    {}
kind: ConfigMap
metadata:
  labels:
    app.kubernetes.io/instance: loki
    app.kubernetes.io/managed-by: Helm
    app.kubernetes.io/name: loki
    app.kubernetes.io/version: 3.1.1
    helm.sh/chart: loki-6.12.0
  name: loki-runtime
  namespace: syn-loki
