apiVersion: policy/v1
kind: PodDisruptionBudget
metadata:
  labels:
    app.kubernetes.io/component: read
    app.kubernetes.io/instance: loki
    app.kubernetes.io/managed-by: Helm
    app.kubernetes.io/name: loki
    app.kubernetes.io/version: 3.1.1
    helm.sh/chart: loki-6.12.0
  name: loki-read
  namespace: syn-loki
spec:
  maxUnavailable: 1
  selector:
    matchLabels:
      app.kubernetes.io/component: read
      app.kubernetes.io/instance: loki
      app.kubernetes.io/name: loki
