apiVersion: rbac.authorization.k8s.io/v1
kind: ClusterRoleBinding
metadata:
  labels:
    app.kubernetes.io/instance: loki
    app.kubernetes.io/managed-by: Helm
    app.kubernetes.io/name: loki
    app.kubernetes.io/version: 3.1.1
    helm.sh/chart: loki-6.12.0
  name: loki-clusterrolebinding
roleRef:
  apiGroup: rbac.authorization.k8s.io
  kind: ClusterRole
  name: loki-clusterrole
subjects:
  - kind: ServiceAccount
    name: loki
    namespace: syn-loki
