apiVersion: rbac.authorization.k8s.io/v1
kind: ClusterRole
metadata:
  labels:
    app.kubernetes.io/instance: loki
    app.kubernetes.io/managed-by: Helm
    app.kubernetes.io/name: loki
    app.kubernetes.io/version: 3.1.1
    helm.sh/chart: loki-6.12.0
  name: loki-clusterrole
rules:
  - apiGroups:
      - ''
    resources:
      - configmaps
      - secrets
    verbs:
      - get
      - watch
      - list
