apiVersion: v1
kind: Service
metadata:
  labels:
    app.kubernetes.io/component: backend
    app.kubernetes.io/instance: loki
    app.kubernetes.io/name: loki
    prometheus.io/service-monitor: 'false'
  name: loki-query-scheduler-discovery
  namespace: syn-loki
spec:
  clusterIP: None
  ports:
    - name: http-metrics
      port: 3100
      protocol: TCP
      targetPort: http-metrics
    - name: grpc
      port: 9095
      protocol: TCP
      targetPort: grpc
  publishNotReadyAddresses: true
  selector:
    app.kubernetes.io/component: backend
    app.kubernetes.io/instance: loki
    app.kubernetes.io/name: loki
  type: ClusterIP
